Reading FAA-H-8083-25B: C:\Users\USER\Downloads\pilot_handbook.pdf
  pages: 524
  Hover (translational): +0 (FAA-H-8083-25B)
  Hover (pedal turns): +3 (FAA-H-8083-25B)
  Straight & level: +8 (FAA-H-8083-25B)
  Turns (constant rate): +8 (FAA-H-8083-25B)
  Climb / Descent: +8 (FAA-H-8083-25B)
  Normal landing: +8 (FAA-H-8083-25B)
  Approach to hover: +0 (FAA-H-8083-25B)
  Emergency - auto-rotation: +1 (FAA-H-8083-25B)
  Pre-flight / Walk-around: +8 (FAA-H-8083-25B)
  Engine start & rotor engage: +8 (FAA-H-8083-25B)
  Risk Management: +8 (FAA-H-8083-25B)
  Aeronautical Decision Making: +8 (FAA-H-8083-25B)
  Instrument Manoeuvres: +8 (FAA-H-8083-25B)
  Control Touch: +8 (FAA-H-8083-25B)
  Interception: +8 (FAA-H-8083-25B)
  Tracking: +8 (FAA-H-8083-25B)
  Holding Entry: +8 (FAA-H-8083-25B)
  Holding Procedure: +8 (FAA-H-8083-25B)
  Time control: +8 (FAA-H-8083-25B)
  Radio calls: +8 (FAA-H-8083-25B)
  Airspace surveillance: +8 (FAA-H-8083-25B)
  VFR approach: +8 (FAA-H-8083-25B)
  Formation: +8 (FAA-H-8083-25B)
  Navigation: +8 (FAA-H-8083-25B)
Reading UH-1 IPC: C:\Users\USER\AppData\Local\hermes\cache\documents\doc_25a6afe8dd12_UH-1 Instructor pilot course Searchable.pdf
  pages: 551
  Hover (translational): +8 (UH-1 IPC)
  Hover (pedal turns): +8 (UH-1 IPC)
  Straight & level: +8 (UH-1 IPC)
  Turns (constant rate): +8 (UH-1 IPC)
  Climb / Descent: +8 (UH-1 IPC)
  Normal landing: +8 (UH-1 IPC)
  Approach to hover: +8 (UH-1 IPC)
  Emergency - auto-rotation: +8 (UH-1 IPC)
  Pre-flight / Walk-around: +8 (UH-1 IPC)
  Engine start & rotor engage: +8 (UH-1 IPC)
  Risk Management: +8 (UH-1 IPC)
  Aeronautical Decision Making: +1 (UH-1 IPC)
  Instrument Manoeuvres: +8 (UH-1 IPC)
  Control Touch: +8 (UH-1 IPC)
  Interception: +8 (UH-1 IPC)
  Tracking: +8 (UH-1 IPC)
  Holding Entry: +8 (UH-1 IPC)
  Holding Procedure: +8 (UH-1 IPC)
  Time control: +8 (UH-1 IPC)
  Radio calls: +8 (UH-1 IPC)
  Airspace surveillance: +8 (UH-1 IPC)
  VFR approach: +8 (UH-1 IPC)
  Formation: +8 (UH-1 IPC)
  Navigation: +8 (UH-1 IPC)
Reading ftg_book: D:\grading-portal-web\faa-rag\books\ftg_book.pdf
  pages: 312
  Hover (translational): +8 (ftg_book)
  Hover (pedal turns): +8 (ftg_book)
  Straight & level: +8 (ftg_book)
  Turns (constant rate): +8 (ftg_book)
  Climb / Descent: +8 (ftg_book)
  Normal landing: +8 (ftg_book)
  Approach to hover: +8 (ftg_book)
  Emergency - auto-rotation: +8 (ftg_book)
  Pre-flight / Walk-around: +8 (ftg_book)
  Engine start & rotor engage: +8 (ftg_book)
  Risk Management: +7 (ftg_book)
  Aeronautical Decision Making: +1 (ftg_book)
  Instrument Manoeuvres: +3 (ftg_book)
  Control Touch: +8 (ftg_book)
  Interception: +8 (ftg_book)
  Tracking: +8 (ftg_book)
  Holding Entry: +8 (ftg_book)
  Holding Procedure: +8 (ftg_book)
  Time control: +8 (ftg_book)
  Radio calls: +8 (ftg_book)
  Airspace surveillance: +8 (ftg_book)
  VFR approach: +8 (ftg_book)
  Formation: +8 (ftg_book)
  Navigation: +8 (ftg_book)

Wrote D:\grading-portal-web\faa-rag\faa_index.json (355 passages across 24 maneuvers)
