Reading FAA-H-8083-25B: C:\Users\USER\Downloads\pilot_handbook.pdf
  pages: 524
  Hover (translational): +0 (FAA-H-8083-25B)
  Hover (pedal turns): +0 (FAA-H-8083-25B)
  Straight & level: +0 (FAA-H-8083-25B)
  Turns (constant rate): +0 (FAA-H-8083-25B)
  Climb / Descent: +3 (FAA-H-8083-25B)
  Normal landing: +6 (FAA-H-8083-25B)
  Approach to hover: +0 (FAA-H-8083-25B)
  Emergency - auto-rotation: +0 (FAA-H-8083-25B)
  Pre-flight / Walk-around: +0 (FAA-H-8083-25B)
  Engine start & rotor engage: +1 (FAA-H-8083-25B)
  Risk Management: +1 (FAA-H-8083-25B)
  Aeronautical Decision Making: +0 (FAA-H-8083-25B)
  Instrument Manoeuvres: +2 (FAA-H-8083-25B)
  Control Touch: +0 (FAA-H-8083-25B)
  Interception: +6 (FAA-H-8083-25B)
  Tracking: +0 (FAA-H-8083-25B)
  Holding Entry: +2 (FAA-H-8083-25B)
  Holding Procedure: +2 (FAA-H-8083-25B)
  Time control: +4 (FAA-H-8083-25B)
  Radio calls: +4 (FAA-H-8083-25B)
  Airspace surveillance: +2 (FAA-H-8083-25B)
  VFR approach: +6 (FAA-H-8083-25B)
  Formation: +3 (FAA-H-8083-25B)
  Navigation: +10 (FAA-H-8083-25B)
  Spot selection / risk assessment: +0 (FAA-H-8083-25B)
  Confined approach: +0 (FAA-H-8083-25B)
  Confined departure: +0 (FAA-H-8083-25B)
  Run-on landing: +2 (FAA-H-8083-25B)
  Steep approach: +0 (FAA-H-8083-25B)
  Instructional technique: +1 (FAA-H-8083-25B)
  Common errors: +2 (FAA-H-8083-25B)
  Emergency procedures: +1 (FAA-H-8083-25B)
  Human factors: +0 (FAA-H-8083-25B)
  Weather / wind: +10 (FAA-H-8083-25B)
  Crew resource management: +0 (FAA-H-8083-25B)
  Lesson planning: +0 (FAA-H-8083-25B)
  Aerodynamics (rotor): +2 (FAA-H-8083-25B)
  Safety / accident prevention: +2 (FAA-H-8083-25B)
Reading UH-1 IPC: C:\Users\USER\AppData\Local\hermes\cache\documents\doc_25a6afe8dd12_UH-1 Instructor pilot course Searchable.pdf
  pages: 551
  Hover (translational): +10 (UH-1 IPC)
  Hover (pedal turns): +7 (UH-1 IPC)
  Straight & level: +7 (UH-1 IPC)
  Turns (constant rate): +10 (UH-1 IPC)
  Climb / Descent: +1 (UH-1 IPC)
  Normal landing: +10 (UH-1 IPC)
  Approach to hover: +10 (UH-1 IPC)
  Emergency - auto-rotation: +7 (UH-1 IPC)
  Pre-flight / Walk-around: +8 (UH-1 IPC)
  Engine start & rotor engage: +10 (UH-1 IPC)
  Risk Management: +4 (UH-1 IPC)
  Aeronautical Decision Making: +0 (UH-1 IPC)
  Instrument Manoeuvres: +10 (UH-1 IPC)
  Control Touch: +0 (UH-1 IPC)
  Interception: +10 (UH-1 IPC)
  Tracking: +3 (UH-1 IPC)
  Holding Entry: +3 (UH-1 IPC)
  Holding Procedure: +5 (UH-1 IPC)
  Time control: +10 (UH-1 IPC)
  Radio calls: +10 (UH-1 IPC)
  Airspace surveillance: +10 (UH-1 IPC)
  VFR approach: +10 (UH-1 IPC)
  Formation: +10 (UH-1 IPC)
  Navigation: +9 (UH-1 IPC)
  Spot selection / risk assessment: +6 (UH-1 IPC)
  Confined approach: +4 (UH-1 IPC)
  Confined departure: +8 (UH-1 IPC)
  Run-on landing: +5 (UH-1 IPC)
  Steep approach: +0 (UH-1 IPC)
  Instructional technique: +10 (UH-1 IPC)
  Common errors: +10 (UH-1 IPC)
  Emergency procedures: +10 (UH-1 IPC)
  Human factors: +5 (UH-1 IPC)
  Weather / wind: +10 (UH-1 IPC)
  Crew resource management: +10 (UH-1 IPC)
  Lesson planning: +10 (UH-1 IPC)
  Aerodynamics (rotor): +10 (UH-1 IPC)
  Safety / accident prevention: +10 (UH-1 IPC)
Reading Robinson FTG: D:\grading-portal-web\faa-rag\books\ftg_book.pdf
  pages: 312
  Hover (translational): +10 (Robinson FTG)
  Hover (pedal turns): +2 (Robinson FTG)
  Straight & level: +0 (Robinson FTG)
  Turns (constant rate): +8 (Robinson FTG)
  Climb / Descent: +5 (Robinson FTG)
  Normal landing: +10 (Robinson FTG)
  Approach to hover: +10 (Robinson FTG)
  Emergency - auto-rotation: +10 (Robinson FTG)
  Pre-flight / Walk-around: +5 (Robinson FTG)
  Engine start & rotor engage: +7 (Robinson FTG)
  Risk Management: +1 (Robinson FTG)
  Aeronautical Decision Making: +0 (Robinson FTG)
  Instrument Manoeuvres: +0 (Robinson FTG)
  Control Touch: +0 (Robinson FTG)
  Interception: +1 (Robinson FTG)
  Tracking: +1 (Robinson FTG)
  Holding Entry: +1 (Robinson FTG)
  Holding Procedure: +1 (Robinson FTG)
  Time control: +2 (Robinson FTG)
  Radio calls: +2 (Robinson FTG)
  Airspace surveillance: +7 (Robinson FTG)
  VFR approach: +10 (Robinson FTG)
  Formation: +2 (Robinson FTG)
  Navigation: +3 (Robinson FTG)
  Spot selection / risk assessment: +1 (Robinson FTG)
  Confined approach: +0 (Robinson FTG)
  Confined departure: +3 (Robinson FTG)
  Run-on landing: +1 (Robinson FTG)
  Steep approach: +1 (Robinson FTG)
  Instructional technique: +10 (Robinson FTG)
  Common errors: +1 (Robinson FTG)
  Emergency procedures: +7 (Robinson FTG)
  Human factors: +0 (Robinson FTG)
  Weather / wind: +6 (Robinson FTG)
  Crew resource management: +1 (Robinson FTG)
  Lesson planning: +10 (Robinson FTG)
  Aerodynamics (rotor): +10 (Robinson FTG)
  Safety / accident prevention: +4 (Robinson FTG)

Wrote D:\grading-portal-web\faa-rag\faa_index.json (419 passages across 38 maneuvers)
