Reading FAA-H-8083-25B: C:\Users\USER\Downloads\pilot_handbook.pdf
  pages: 524
  Hover (translational): +0 (FAA-H-8083-25B)
  Hover (pedal turns): +3 (FAA-H-8083-25B)
  Straight & level: +8 (FAA-H-8083-25B)
  Turns (constant rate): +8 (FAA-H-8083-25B)
  Climb / Descent: +8 (FAA-H-8083-25B)
  Normal landing: +8 (FAA-H-8083-25B)
  Approach to hover: +0 (FAA-H-8083-25B)
  Emergency - auto-rotation: +1 (FAA-H-8083-25B)
  Pre-flight / Walk-around: +8 (FAA-H-8083-25B)
  Engine start & rotor engage: +8 (FAA-H-8083-25B)
  Risk Management: +8 (FAA-H-8083-25B)
  Aeronautical Decision Making: +8 (FAA-H-8083-25B)
  Instrument Manoeuvres: +8 (FAA-H-8083-25B)
  Control Touch: +8 (FAA-H-8083-25B)
  Interception: +8 (FAA-H-8083-25B)
  Tracking: +8 (FAA-H-8083-25B)
  Holding Entry: +8 (FAA-H-8083-25B)
  Holding Procedure: +8 (FAA-H-8083-25B)
  Time control: +8 (FAA-H-8083-25B)
  Radio calls: +8 (FAA-H-8083-25B)
  Airspace surveillance: +8 (FAA-H-8083-25B)
  VFR approach: +8 (FAA-H-8083-25B)
  Formation: +8 (FAA-H-8083-25B)
  Navigation: +8 (FAA-H-8083-25B)
  Spot selection / risk assessment: +8 (FAA-H-8083-25B)
  Confined approach: +8 (FAA-H-8083-25B)
  Confined departure: +8 (FAA-H-8083-25B)
  Run-on landing: +8 (FAA-H-8083-25B)
  Steep approach: +1 (FAA-H-8083-25B)
  Instructional technique: +8 (FAA-H-8083-25B)
  Common errors: +8 (FAA-H-8083-25B)
  Emergency procedures: +8 (FAA-H-8083-25B)
  Human factors: +8 (FAA-H-8083-25B)
  Weather / wind: +8 (FAA-H-8083-25B)
  Crew resource management: +8 (FAA-H-8083-25B)
  Lesson planning: +8 (FAA-H-8083-25B)
  Aerodynamics (rotor): +8 (FAA-H-8083-25B)
  Safety / accident prevention: +8 (FAA-H-8083-25B)
Reading UH-1 IPC: C:\Users\USER\AppData\Local\hermes\cache\documents\doc_25a6afe8dd12_UH-1 Instructor pilot course Searchable.pdf
  pages: 551
  Hover (translational): +8 (UH-1 IPC)
  Hover (pedal turns): +8 (UH-1 IPC)
  Straight & level: +8 (UH-1 IPC)
  Turns (constant rate): +8 (UH-1 IPC)
  Climb / Descent: +8 (UH-1 IPC)
  Normal landing: +8 (UH-1 IPC)
  Approach to hover: +8 (UH-1 IPC)
  Emergency - auto-rotation: +8 (UH-1 IPC)
  Pre-flight / Walk-around: +8 (UH-1 IPC)
  Engine start & rotor engage: +8 (UH-1 IPC)
  Risk Management: +8 (UH-1 IPC)
  Aeronautical Decision Making: +1 (UH-1 IPC)
  Instrument Manoeuvres: +8 (UH-1 IPC)
  Control Touch: +8 (UH-1 IPC)
  Interception: +8 (UH-1 IPC)
  Tracking: +8 (UH-1 IPC)
  Holding Entry: +8 (UH-1 IPC)
  Holding Procedure: +8 (UH-1 IPC)
  Time control: +8 (UH-1 IPC)
  Radio calls: +8 (UH-1 IPC)
  Airspace surveillance: +8 (UH-1 IPC)
  VFR approach: +8 (UH-1 IPC)
  Formation: +8 (UH-1 IPC)
  Navigation: +8 (UH-1 IPC)
  Spot selection / risk assessment: +8 (UH-1 IPC)
  Confined approach: +8 (UH-1 IPC)
  Confined departure: +8 (UH-1 IPC)
  Run-on landing: +8 (UH-1 IPC)
  Steep approach: +0 (UH-1 IPC)
  Instructional technique: +8 (UH-1 IPC)
  Common errors: +8 (UH-1 IPC)
  Emergency procedures: +8 (UH-1 IPC)
  Human factors: +8 (UH-1 IPC)
  Weather / wind: +8 (UH-1 IPC)
  Crew resource management: +8 (UH-1 IPC)
  Lesson planning: +8 (UH-1 IPC)
  Aerodynamics (rotor): +8 (UH-1 IPC)
  Safety / accident prevention: +8 (UH-1 IPC)
Reading Robinson FTG: D:\grading-portal-web\faa-rag\books\ftg_book.pdf
  pages: 312
  Hover (translational): +8 (Robinson FTG)
  Hover (pedal turns): +8 (Robinson FTG)
  Straight & level: +8 (Robinson FTG)
  Turns (constant rate): +8 (Robinson FTG)
  Climb / Descent: +8 (Robinson FTG)
  Normal landing: +8 (Robinson FTG)
  Approach to hover: +8 (Robinson FTG)
  Emergency - auto-rotation: +8 (Robinson FTG)
  Pre-flight / Walk-around: +8 (Robinson FTG)
  Engine start & rotor engage: +8 (Robinson FTG)
  Risk Management: +7 (Robinson FTG)
  Aeronautical Decision Making: +1 (Robinson FTG)
  Instrument Manoeuvres: +3 (Robinson FTG)
  Control Touch: +8 (Robinson FTG)
  Interception: +8 (Robinson FTG)
  Tracking: +8 (Robinson FTG)
  Holding Entry: +8 (Robinson FTG)
  Holding Procedure: +8 (Robinson FTG)
  Time control: +8 (Robinson FTG)
  Radio calls: +8 (Robinson FTG)
  Airspace surveillance: +8 (Robinson FTG)
  VFR approach: +8 (Robinson FTG)
  Formation: +8 (Robinson FTG)
  Navigation: +8 (Robinson FTG)
  Spot selection / risk assessment: +7 (Robinson FTG)
  Confined approach: +5 (Robinson FTG)
  Confined departure: +8 (Robinson FTG)
  Run-on landing: +8 (Robinson FTG)
  Steep approach: +8 (Robinson FTG)
  Instructional technique: +8 (Robinson FTG)
  Common errors: +8 (Robinson FTG)
  Emergency procedures: +8 (Robinson FTG)
  Human factors: +5 (Robinson FTG)
  Weather / wind: +8 (Robinson FTG)
  Crew resource management: +8 (Robinson FTG)
  Lesson planning: +8 (Robinson FTG)
  Aerodynamics (rotor): +8 (Robinson FTG)
  Safety / accident prevention: +8 (Robinson FTG)

Wrote D:\grading-portal-web\faa-rag\faa_index.json (559 passages across 38 maneuvers)
